expr
  (LAMBDA: \)
  (VAR: x)
  (POINT: .)
  expr
    (LAMBDA: \)
    (VAR: y)
    (POINT: .)
    expr
      (LPAREN: ()
      expr
        (VAR: x)
        (OP: +)
        expr
          (LPAREN: ()
          expr
            (VAR: y)
            (OP: /)
            (VAR: z)
          (RPAREN: ))
      (RPAREN: ))